{
  "message": "Key: 'Status' Error:Field validation for 'Status' failed on the 'oneof' tag"
}