{
  "id": 1,
  "title": "go to bed",
  "status": "done",
  "created": "0001-01-01T00:00:00Z",
  "modified": "0001-01-01T00:00:00Z"
}